// Jest Snapshot v1, https://goo.gl/fbAQLP

exports[`App should match snapshot 1`] = `
<div>
  <div
    class="MuiBox-root MuiBox-root-2 makeStyles-root-1"
  >
    <header
      class="MuiPaper-root MuiAppBar-root MuiAppBar-positionStatic MuiAppBar-colorPrimary makeStyles-appBar-3 MuiPaper-elevation4"
    >
      <div
        class="MuiToolbar-root MuiToolbar-regular MuiToolbar-gutters"
      >
        <a
          aria-disabled="false"
          class="MuiButtonBase-root MuiIconButton-root makeStyles-icon-5 MuiIconButton-colorInherit"
          href="/"
          role="button"
          tabindex="0"
        >
          <span
            class="MuiIconButton-label"
          >
            <svg
              aria-hidden="true"
              class="MuiSvgIcon-root"
              focusable="false"
              viewBox="0 0 24 24"
            >
              <path
                d="M10 20v-6h4v6h5v-8h3L12 3 2 12h3v8z"
              />
            </svg>
          </span>
          <span
            class="MuiTouchRipple-root"
          />
        </a>
        <h6
          class="MuiTypography-root makeStyles-title-4 MuiTypography-h6 MuiTypography-colorInherit"
        >
          Matcha
        </h6>
        <button
          class="MuiButtonBase-root MuiIconButton-root MuiIconButton-colorInherit"
          tabindex="0"
          type="button"
        >
          <span
            class="MuiIconButton-label"
          >
            <span
              class="MuiBadge-root"
            >
              <svg
                aria-hidden="true"
                class="MuiSvgIcon-root"
                focusable="false"
                viewBox="0 0 24 24"
              >
                <path
                  d="M12 22c1.1 0 2-.9 2-2h-4c0 1.1.89 2 2 2zm6-6v-5c0-3.07-1.64-5.64-4.5-6.32V4c0-.83-.67-1.5-1.5-1.5s-1.5.67-1.5 1.5v.68C7.63 5.36 6 7.92 6 11v5l-2 2v1h16v-1l-2-2z"
                />
              </svg>
              <span
                class="MuiBadge-badge MuiBadge-anchorOriginTopRightRectangle MuiBadge-colorError"
              >
                2
              </span>
            </span>
          </span>
          <span
            class="MuiTouchRipple-root"
          />
        </button>
        <button
          class="MuiButtonBase-root MuiIconButton-root MuiIconButton-colorInherit"
          data-testid="accountButton"
          tabindex="0"
          type="button"
        >
          <span
            class="MuiIconButton-label"
          >
            <svg
              aria-hidden="true"
              class="MuiSvgIcon-root"
              focusable="false"
              viewBox="0 0 24 24"
            >
              <path
                d="M12 2C6.48 2 2 6.48 2 12s4.48 10 10 10 10-4.48 10-10S17.52 2 12 2zm0 3c1.66 0 3 1.34 3 3s-1.34 3-3 3-3-1.34-3-3 1.34-3 3-3zm0 14.2c-2.5 0-4.71-1.28-6-3.22.03-1.99 4-3.08 6-3.08 1.99 0 5.97 1.09 6 3.08-1.29 1.94-3.5 3.22-6 3.22z"
              />
            </svg>
          </span>
          <span
            class="MuiTouchRipple-root"
          />
        </button>
      </div>
    </header>
    <div
      class="MuiLinearProgress-root MuiLinearProgress-colorPrimary makeStyles-visibilityVisible-8 MuiLinearProgress-indeterminate"
      role="progressbar"
      thickness="8"
    >
      <div
        class="MuiLinearProgress-bar MuiLinearProgress-barColorPrimary MuiLinearProgress-bar1Indeterminate"
      />
      <div
        class="MuiLinearProgress-bar MuiLinearProgress-bar2Indeterminate MuiLinearProgress-barColorPrimary"
      />
    </div>
    <div
      class="MuiBox-root MuiBox-root-9"
    >
      <div
        class="MuiPaper-root makeStyles-paper-12 MuiPaper-elevation1 MuiPaper-rounded"
      >
        <button
          class="MuiButtonBase-root MuiIconButton-root MuiIconButton-colorInherit"
          tabindex="0"
          type="button"
        >
          <span
            class="MuiIconButton-label"
          >
            <svg
              aria-hidden="true"
              class="MuiSvgIcon-root"
              focusable="false"
              viewBox="0 0 24 24"
            >
              <path
                d="M3 18h6v-2H3v2zM3 6v2h18V6H3zm0 7h12v-2H3v2z"
              />
            </svg>
            <p
              class="MuiTypography-root makeStyles-filter-13 MuiTypography-body1"
            >
              Filter
            </p>
          </span>
          <span
            class="MuiTouchRipple-root"
          />
        </button>
        <div
          class="MuiTablePagination-root makeStyles-pagination-11"
        >
          <div
            class="MuiToolbar-root MuiToolbar-regular MuiTablePagination-toolbar MuiToolbar-gutters"
          >
            <div
              class="MuiTablePagination-spacer"
            />
            <p
              class="MuiTypography-root MuiTablePagination-caption MuiTypography-body2 MuiTypography-colorInherit"
              id="mui-99862"
            >
              Rows per page:
            </p>
            <div
              class="MuiInputBase-root MuiTablePagination-input makeStyles-displayNone-10 MuiTablePagination-selectRoot"
            >
              <div
                aria-haspopup="listbox"
                aria-labelledby="mui-99862 mui-56074"
                class="MuiSelect-root MuiSelect-select MuiTablePagination-select MuiSelect-selectMenu MuiInputBase-input"
                id="mui-56074"
                role="button"
                tabindex="0"
              >
                10
              </div>
              <input
                aria-hidden="true"
                class="MuiSelect-nativeInput"
                tabindex="-1"
                value="10"
              />
              <svg
                aria-hidden="true"
                class="MuiSvgIcon-root MuiSelect-icon MuiTablePagination-selectIcon"
                focusable="false"
                viewBox="0 0 24 24"
              >
                <path
                  d="M7 10l5 5 5-5z"
                />
              </svg>
            </div>
            <p
              class="MuiTypography-root MuiTablePagination-caption MuiTypography-body2 MuiTypography-colorInherit"
            >
              1-8 of 8
            </p>
            <div
              class="MuiTablePagination-actions"
            >
              <button
                aria-label="Previous page"
                class="MuiButtonBase-root MuiIconButton-root MuiIconButton-colorInherit Mui-disabled Mui-disabled"
                disabled=""
                tabindex="-1"
                title="Previous page"
                type="button"
              >
                <span
                  class="MuiIconButton-label"
                >
                  <svg
                    aria-hidden="true"
                    class="MuiSvgIcon-root"
                    focusable="false"
                    viewBox="0 0 24 24"
                  >
                    <path
                      d="M15.41 16.09l-4.58-4.59 4.58-4.59L14 5.5l-6 6 6 6z"
                    />
                  </svg>
                </span>
              </button>
              <button
                aria-label="Next page"
                class="MuiButtonBase-root MuiIconButton-root MuiIconButton-colorInherit Mui-disabled Mui-disabled"
                disabled=""
                tabindex="-1"
                title="Next page"
                type="button"
              >
                <span
                  class="MuiIconButton-label"
                >
                  <svg
                    aria-hidden="true"
                    class="MuiSvgIcon-root"
                    focusable="false"
                    viewBox="0 0 24 24"
                  >
                    <path
                      d="M8.59 16.34l4.58-4.59-4.58-4.59L10 5.75l6 6-6 6z"
                    />
                  </svg>
                </span>
              </button>
            </div>
          </div>
        </div>
      </div>
      <div
        class="MuiBox-root MuiBox-root-14"
      />
      <div
        class="MuiGrid-root MuiGrid-container MuiGrid-spacing-xs-2"
      >
        <div
          class="MuiGrid-root MuiGrid-item MuiGrid-grid-xs-12 MuiGrid-grid-sm-6 MuiGrid-grid-md-4"
          style="opacity: 1; transform: scale(1, 1); transition: opacity 0ms cubic-bezier(0.4, 0, 0.2, 1) 0ms,transform 0ms cubic-bezier(0.4, 0, 0.2, 1) 0ms;"
        >
          <div
            class="MuiPaper-root MuiCard-root MuiPaper-elevation1 MuiPaper-rounded"
          >
            <a
              aria-disabled="false"
              class="MuiButtonBase-root MuiCardActionArea-root"
              href="/user/60084a46203c4e342b13114c"
              role="button"
              tabindex="0"
            >
              <div
                class="MuiCardMedia-root makeStyles-media-15"
                style="background-image: url(emptyImage.png);"
              />
              <div
                class="MuiCardContent-root"
              >
                <div
                  class="MuiGrid-root MuiGrid-container"
                >
                  <h5
                    class="MuiTypography-root MuiTypography-h5 MuiTypography-gutterBottom"
                  >
                    Shanie21
                  </h5>
                  <h5
                    class="MuiTypography-root makeStyles-age-16 MuiTypography-h5"
                  >
                    , 
                    22
                  </h5>
                </div>
                <p
                  class="MuiTypography-root MuiTypography-body2 MuiTypography-colorTextSecondary"
                >
                  2640 km
                </p>
              </div>
              <span
                class="MuiCardActionArea-focusHighlight"
              />
              <span
                class="MuiTouchRipple-root"
              />
            </a>
          </div>
        </div>
        <div
          class="MuiGrid-root MuiGrid-item MuiGrid-grid-xs-12 MuiGrid-grid-sm-6 MuiGrid-grid-md-4"
          style="opacity: 1; transform: scale(1, 1); transition: opacity 200ms cubic-bezier(0.4, 0, 0.2, 1) 0ms,transform 133ms cubic-bezier(0.4, 0, 0.2, 1) 0ms;"
        >
          <div
            class="MuiPaper-root MuiCard-root MuiPaper-elevation1 MuiPaper-rounded"
          >
            <a
              aria-disabled="false"
              class="MuiButtonBase-root MuiCardActionArea-root"
              href="/user/60084a46203c4e342b13113c"
              role="button"
              tabindex="0"
            >
              <div
                class="MuiCardMedia-root makeStyles-media-15"
                style="background-image: url(emptyImage.png);"
              />
              <div
                class="MuiCardContent-root"
              >
                <div
                  class="MuiGrid-root MuiGrid-container"
                >
                  <h5
                    class="MuiTypography-root MuiTypography-h5 MuiTypography-gutterBottom"
                  >
                    Brianne82
                  </h5>
                  <h5
                    class="MuiTypography-root makeStyles-age-16 MuiTypography-h5"
                  >
                    , 
                    30
                  </h5>
                </div>
                <p
                  class="MuiTypography-root MuiTypography-body2 MuiTypography-colorTextSecondary"
                >
                  2993 km
                </p>
              </div>
              <span
                class="MuiCardActionArea-focusHighlight"
              />
              <span
                class="MuiTouchRipple-root"
              />
            </a>
          </div>
        </div>
        <div
          class="MuiGrid-root MuiGrid-item MuiGrid-grid-xs-12 MuiGrid-grid-sm-6 MuiGrid-grid-md-4"
          style="opacity: 1; transform: scale(1, 1); transition: opacity 400ms cubic-bezier(0.4, 0, 0.2, 1) 0ms,transform 266ms cubic-bezier(0.4, 0, 0.2, 1) 0ms;"
        >
          <div
            class="MuiPaper-root MuiCard-root MuiPaper-elevation1 MuiPaper-rounded"
          >
            <a
              aria-disabled="false"
              class="MuiButtonBase-root MuiCardActionArea-root"
              href="/user/60084a46203c4e342b131140"
              role="button"
              tabindex="0"
            >
              <div
                class="MuiCardMedia-root makeStyles-media-15"
                style="background-image: url(emptyImage.png);"
              />
              <div
                class="MuiCardContent-root"
              >
                <div
                  class="MuiGrid-root MuiGrid-container"
                >
                  <h5
                    class="MuiTypography-root MuiTypography-h5 MuiTypography-gutterBottom"
                  >
                    Jon3
                  </h5>
                  <h5
                    class="MuiTypography-root makeStyles-age-16 MuiTypography-h5"
                  >
                    , 
                    47
                  </h5>
                </div>
                <p
                  class="MuiTypography-root MuiTypography-body2 MuiTypography-colorTextSecondary"
                >
                  6966 km
                </p>
              </div>
              <span
                class="MuiCardActionArea-focusHighlight"
              />
              <span
                class="MuiTouchRipple-root"
              />
            </a>
          </div>
        </div>
        <div
          class="MuiGrid-root MuiGrid-item MuiGrid-grid-xs-12 MuiGrid-grid-sm-6 MuiGrid-grid-md-4"
          style="opacity: 1; transform: scale(1, 1); transition: opacity 600ms cubic-bezier(0.4, 0, 0.2, 1) 0ms,transform 400ms cubic-bezier(0.4, 0, 0.2, 1) 0ms;"
        >
          <div
            class="MuiPaper-root MuiCard-root MuiPaper-elevation1 MuiPaper-rounded"
          >
            <a
              aria-disabled="false"
              class="MuiButtonBase-root MuiCardActionArea-root"
              href="/user/60084a46203c4e342b131139"
              role="button"
              tabindex="0"
            >
              <div
                class="MuiCardMedia-root makeStyles-media-15"
                style="background-image: url(emptyImage.png);"
              />
              <div
                class="MuiCardContent-root"
              >
                <div
                  class="MuiGrid-root MuiGrid-container"
                >
                  <h5
                    class="MuiTypography-root MuiTypography-h5 MuiTypography-gutterBottom"
                  >
                    Joannie_Corkery92
                  </h5>
                  <h5
                    class="MuiTypography-root makeStyles-age-16 MuiTypography-h5"
                  >
                    , 
                    22
                  </h5>
                </div>
                <p
                  class="MuiTypography-root MuiTypography-body2 MuiTypography-colorTextSecondary"
                >
                  9156 km
                </p>
              </div>
              <span
                class="MuiCardActionArea-focusHighlight"
              />
              <span
                class="MuiTouchRipple-root"
              />
            </a>
          </div>
        </div>
        <div
          class="MuiGrid-root MuiGrid-item MuiGrid-grid-xs-12 MuiGrid-grid-sm-6 MuiGrid-grid-md-4"
          style="opacity: 1; transform: scale(1, 1); transition: opacity 800ms cubic-bezier(0.4, 0, 0.2, 1) 0ms,transform 533ms cubic-bezier(0.4, 0, 0.2, 1) 0ms;"
        >
          <div
            class="MuiPaper-root MuiCard-root MuiPaper-elevation1 MuiPaper-rounded"
          >
            <a
              aria-disabled="false"
              class="MuiButtonBase-root MuiCardActionArea-root"
              href="/user/60084a46203c4e342b13113a"
              role="button"
              tabindex="0"
            >
              <div
                class="MuiCardMedia-root makeStyles-media-15"
                style="background-image: url(emptyImage.png);"
              />
              <div
                class="MuiCardContent-root"
              >
                <div
                  class="MuiGrid-root MuiGrid-container"
                >
                  <h5
                    class="MuiTypography-root MuiTypography-h5 MuiTypography-gutterBottom"
                  >
                    Lilly.MacGyver
                  </h5>
                  <h5
                    class="MuiTypography-root makeStyles-age-16 MuiTypography-h5"
                  >
                    , 
                    18
                  </h5>
                </div>
                <p
                  class="MuiTypography-root MuiTypography-body2 MuiTypography-colorTextSecondary"
                >
                  10229 km
                </p>
              </div>
              <span
                class="MuiCardActionArea-focusHighlight"
              />
              <span
                class="MuiTouchRipple-root"
              />
            </a>
          </div>
        </div>
        <div
          class="MuiGrid-root MuiGrid-item MuiGrid-grid-xs-12 MuiGrid-grid-sm-6 MuiGrid-grid-md-4"
          style="opacity: 1; transform: scale(1, 1); transition: opacity 1000ms cubic-bezier(0.4, 0, 0.2, 1) 0ms,transform 666ms cubic-bezier(0.4, 0, 0.2, 1) 0ms;"
        >
          <div
            class="MuiPaper-root MuiCard-root MuiPaper-elevation1 MuiPaper-rounded"
          >
            <a
              aria-disabled="false"
              class="MuiButtonBase-root MuiCardActionArea-root"
              href="/user/60084a46203c4e342b131143"
              role="button"
              tabindex="0"
            >
              <div
                class="MuiCardMedia-root makeStyles-media-15"
                style="background-image: url(emptyImage.png);"
              />
              <div
                class="MuiCardContent-root"
              >
                <div
                  class="MuiGrid-root MuiGrid-container"
                >
                  <h5
                    class="MuiTypography-root MuiTypography-h5 MuiTypography-gutterBottom"
                  >
                    Lacy_Harber23
                  </h5>
                  <h5
                    class="MuiTypography-root makeStyles-age-16 MuiTypography-h5"
                  >
                    , 
                    19
                  </h5>
                </div>
                <p
                  class="MuiTypography-root MuiTypography-body2 MuiTypography-colorTextSecondary"
                >
                  11798 km
                </p>
              </div>
              <span
                class="MuiCardActionArea-focusHighlight"
              />
              <span
                class="MuiTouchRipple-root"
              />
            </a>
          </div>
        </div>
        <div
          class="MuiGrid-root MuiGrid-item MuiGrid-grid-xs-12 MuiGrid-grid-sm-6 MuiGrid-grid-md-4"
          style="opacity: 1; transform: scale(1, 1); transition: opacity 1200ms cubic-bezier(0.4, 0, 0.2, 1) 0ms,transform 799ms cubic-bezier(0.4, 0, 0.2, 1) 0ms;"
        >
          <div
            class="MuiPaper-root MuiCard-root MuiPaper-elevation1 MuiPaper-rounded"
          >
            <a
              aria-disabled="false"
              class="MuiButtonBase-root MuiCardActionArea-root"
              href="/user/60084a46203c4e342b131147"
              role="button"
              tabindex="0"
            >
              <div
                class="MuiCardMedia-root makeStyles-media-15"
                style="background-image: url(emptyImage.png);"
              />
              <div
                class="MuiCardContent-root"
              >
                <div
                  class="MuiGrid-root MuiGrid-container"
                >
                  <h5
                    class="MuiTypography-root MuiTypography-h5 MuiTypography-gutterBottom"
                  >
                    Sophie.Gorczany
                  </h5>
                  <h5
                    class="MuiTypography-root makeStyles-age-16 MuiTypography-h5"
                  >
                    , 
                    28
                  </h5>
                </div>
                <p
                  class="MuiTypography-root MuiTypography-body2 MuiTypography-colorTextSecondary"
                >
                  13149 km
                </p>
              </div>
              <span
                class="MuiCardActionArea-focusHighlight"
              />
              <span
                class="MuiTouchRipple-root"
              />
            </a>
          </div>
        </div>
        <div
          class="MuiGrid-root MuiGrid-item MuiGrid-grid-xs-12 MuiGrid-grid-sm-6 MuiGrid-grid-md-4"
          style="opacity: 1; transform: scale(1, 1); transition: opacity 1400ms cubic-bezier(0.4, 0, 0.2, 1) 0ms,transform 932ms cubic-bezier(0.4, 0, 0.2, 1) 0ms;"
        >
          <div
            class="MuiPaper-root MuiCard-root MuiPaper-elevation1 MuiPaper-rounded"
          >
            <a
              aria-disabled="false"
              class="MuiButtonBase-root MuiCardActionArea-root"
              href="/user/60084a46203c4e342b131142"
              role="button"
              tabindex="0"
            >
              <div
                class="MuiCardMedia-root makeStyles-media-15"
                style="background-image: url(emptyImage.png);"
              />
              <div
                class="MuiCardContent-root"
              >
                <div
                  class="MuiGrid-root MuiGrid-container"
                >
                  <h5
                    class="MuiTypography-root MuiTypography-h5 MuiTypography-gutterBottom"
                  >
                    Joelle.Weissnat
                  </h5>
                  <h5
                    class="MuiTypography-root makeStyles-age-16 MuiTypography-h5"
                  >
                    , 
                    35
                  </h5>
                </div>
                <p
                  class="MuiTypography-root MuiTypography-body2 MuiTypography-colorTextSecondary"
                >
                  16796 km
                </p>
              </div>
              <span
                class="MuiCardActionArea-focusHighlight"
              />
              <span
                class="MuiTouchRipple-root"
              />
            </a>
          </div>
        </div>
      </div>
    </div>
    <div
      class="MuiSnackbar-root MuiSnackbar-anchorOriginBottomLeft"
    >
      <div
        class="MuiPaper-root MuiSnackbarContent-root makeStyles-success-18 MuiPaper-elevation6"
        direction="up"
        role="alert"
        style="opacity: 1; transform: scale(1, 1); transition: opacity 225ms cubic-bezier(0.4, 0, 0.2, 1) 0ms,transform 150ms cubic-bezier(0.4, 0, 0.2, 1) 0ms;"
      >
        <div
          class="MuiSnackbarContent-message"
        >
          <p
            class="MuiTypography-root makeStyles-message-24 MuiTypography-body2"
          >
            <svg
              aria-hidden="true"
              class="MuiSvgIcon-root makeStyles-iconVariant-23"
              focusable="false"
              viewBox="0 0 24 24"
            >
              <path
                d="M12 2C6.48 2 2 6.48 2 12s4.48 10 10 10 10-4.48 10-10S17.52 2 12 2zm-2 15l-5-5 1.41-1.41L10 14.17l7.59-7.59L19 8l-9 9z"
              />
            </svg>
          </p>
        </div>
        <div
          class="MuiSnackbarContent-action"
        >
          <button
            class="MuiButtonBase-root MuiIconButton-root MuiIconButton-colorInherit"
            tabindex="0"
            type="button"
          >
            <span
              class="MuiIconButton-label"
            >
              <svg
                aria-hidden="true"
                class="MuiSvgIcon-root"
                focusable="false"
                viewBox="0 0 24 24"
              >
                <path
                  d="M19 6.41L17.59 5 12 10.59 6.41 5 5 6.41 10.59 12 5 17.59 6.41 19 12 13.41 17.59 19 19 17.59 13.41 12z"
                />
              </svg>
            </span>
            <span
              class="MuiTouchRipple-root"
            />
          </button>
        </div>
      </div>
    </div>
  </div>
</div>
`;
