// Jest Snapshot v1, https://goo.gl/fbAQLP

exports[`Users should match snapshot 1`] = `
<div>
  <div
    class="MuiPaper-root MuiPaper-elevation1 MuiPaper-rounded"
  />
  <div
    class="MuiBox-root MuiBox-root-30"
  />
  <div
    class="MuiGrid-root MuiGrid-container MuiGrid-spacing-xs-2"
  />
</div>
`;
