// Jest Snapshot v1, https://goo.gl/fbAQLP

exports[`Users should match snapshot 1`] = `
<div>
  <div
    class="MuiBox-root MuiBox-root-3"
  >
    <div
      class="MuiPaper-root makeStyles-mb2-1 MuiPaper-elevation1 MuiPaper-rounded"
    />
    <div
      class="MuiGrid-root MuiGrid-container MuiGrid-spacing-xs-2"
    />
  </div>
</div>
`;
