// Jest Snapshot v1, https://goo.gl/fbAQLP

exports[`OtherUser should match snapshot 1`] = `
<div>
  <div
    class="MuiBox-root MuiBox-root-7"
  >
    <div
      class="MuiGrid-root MuiGrid-container MuiGrid-spacing-xs-2"
    >
      <div
        class="MuiGrid-root makeStyles-mw30-4 MuiGrid-item"
      >
        <div
          class="MuiPaper-root MuiPaper-elevation1 MuiPaper-rounded"
        >
          <div
            class="MuiPaper-root MuiPaper-elevation1 MuiPaper-rounded"
          >
            <div
              class="makeStyles-header-5"
            >
              <button
                class="MuiButtonBase-root MuiIconButton-root MuiIconButton-colorInherit"
                tabindex="0"
                type="button"
              >
                <span
                  class="MuiIconButton-label"
                >
                  <span
                    aria-hidden="true"
                    class="material-icons MuiIcon-root"
                  >
                    favorite
                  </span>
                </span>
                <span
                  class="MuiTouchRipple-root"
                />
              </button>
              <button
                class="MuiButtonBase-root MuiIconButton-root MuiIconButton-colorInherit"
                tabindex="0"
                type="button"
              >
                <span
                  class="MuiIconButton-label"
                >
                  <span
                    aria-hidden="true"
                    class="material-icons MuiIcon-root"
                  >
                    block
                  </span>
                </span>
                <span
                  class="MuiTouchRipple-root"
                />
              </button>
            </div>
            <img
              alt="profile"
              class="makeStyles-img-3"
              src="emptyImage.png"
            />
            <div
              class="MuiPaper-root MuiMobileStepper-root MuiMobileStepper-positionStatic MuiPaper-elevation0"
            >
              <button
                class="MuiButtonBase-root MuiButton-root MuiButton-text MuiButton-textSizeSmall MuiButton-sizeSmall Mui-disabled Mui-disabled"
                disabled=""
                tabindex="-1"
                type="button"
              >
                <span
                  class="MuiButton-label"
                >
                  <span
                    aria-hidden="true"
                    class="material-icons MuiIcon-root"
                  >
                    keyboard_arrow_left
                  </span>
                  Back
                </span>
              </button>
              <div
                class="MuiMobileStepper-dots"
              />
              <button
                class="MuiButtonBase-root MuiButton-root MuiButton-text MuiButton-textSizeSmall MuiButton-sizeSmall Mui-disabled Mui-disabled"
                disabled=""
                tabindex="-1"
                type="button"
              >
                <span
                  class="MuiButton-label"
                >
                  Next
                  <span
                    aria-hidden="true"
                    class="material-icons MuiIcon-root"
                  >
                    keyboard_arrow_right
                  </span>
                </span>
              </button>
            </div>
          </div>
        </div>
      </div>
      <div
        class="MuiGrid-root makeStyles-mw30-4 MuiGrid-item"
      >
        <div
          class="MuiPaper-root makeStyles-p3-1 MuiPaper-elevation1 MuiPaper-rounded"
        >
          <form>
            <div
              class="MuiGrid-root MuiGrid-container MuiGrid-justify-xs-center"
            />
          </form>
        </div>
      </div>
    </div>
  </div>
</div>
`;
