// Jest Snapshot v1, https://goo.gl/fbAQLP

exports[`Notifications should match snapshot 1`] = `
<div>
  <button
    class="MuiButtonBase-root MuiIconButton-root MuiIconButton-colorInherit"
    tabindex="0"
    type="button"
  >
    <span
      class="MuiIconButton-label"
    >
      <span
        class="MuiBadge-root"
      >
        <span
          aria-hidden="true"
          class="material-icons MuiIcon-root"
        >
          notifications_icon
        </span>
        <span
          class="MuiBadge-badge MuiBadge-anchorOriginTopRightRectangle MuiBadge-colorError MuiBadge-invisible"
        >
          0
        </span>
      </span>
    </span>
    <span
      class="MuiTouchRipple-root"
    />
  </button>
</div>
`;
