// Jest Snapshot v1, https://goo.gl/fbAQLP

exports[`UsersList should match snapshot 1`] = `
<div>
  <div
    class="MuiPaper-root makeStyles-p3-1 MuiPaper-elevation1 MuiPaper-rounded"
  >
    <h6
      class="MuiTypography-root makeStyles-subtitle-3 MuiTypography-subtitle1"
    />
    <hr
      class="MuiDivider-root makeStyles-mt1-2"
    />
  </div>
</div>
`;
